Function tests FAIL for order 2 at tolerance 1e-10 error 0.015625
Function tests FAIL for order 2 derivatives at tolerance 1e-10 error 0.279508