Function tests FAIL for order 1 at tolerance 1e-10 error 0.0832174
Function tests FAIL for order 1 derivatives at tolerance 1e-10 error 0.613789