Mat Object: 4 MPI processes
  type: is
  Mat Object: (is_) 1 MPI processes
    type: seqaij
row 0: (0, 2.)  (1, -1.)  (7, -1.) 
row 1: (0, -1.)  (1, 2.)  (2, -1.) 
row 2: (1, -1.)  (2, 2.)  (3, -1.) 
row 3: (2, -1.)  (3, 2.)  (4, -1.) 
row 4: (3, -1.)  (4, 2.)  (5, -1.) 
row 5: (4, -1.)  (5, 2.)  (6, -1.) 
row 6: (5, -1.)  (6, 2.)  (7, -1.) 
row 7: (0, -1.)  (6, -1.)  (7, 2.) 
  Mat Object: (is_) 1 MPI processes
    type: seqaij
row 0: (0, 2.)  (1, -1.)  (7, -1.) 
row 1: (0, -1.)  (1, 2.)  (2, -1.) 
row 2: (1, -1.)  (2, 2.)  (3, -1.) 
row 3: (2, -1.)  (3, 2.)  (4, -1.) 
row 4: (3, -1.)  (4, 2.)  (5, -1.) 
row 5: (4, -1.)  (5, 2.)  (6, -1.) 
row 6: (5, -1.)  (6, 2.)  (7, -1.) 
row 7: (0, -1.)  (6, -1.)  (7, 2.) 
  Mat Object: (is_) 1 MPI processes
    type: seqaij
row 0: (0, 2.)  (1, -1.)  (7, -1.) 
row 1: (0, -1.)  (1, 2.)  (2, -1.) 
row 2: (1, -1.)  (2, 2.)  (3, -1.) 
row 3: (2, -1.)  (3, 2.)  (4, -1.) 
row 4: (3, -1.)  (4, 2.)  (5, -1.) 
row 5: (4, -1.)  (5, 2.)  (6, -1.) 
row 6: (5, -1.)  (6, 2.)  (7, -1.) 
row 7: (0, -1.)  (6, -1.)  (7, 2.) 
  Mat Object: (is_) 1 MPI processes
    type: seqaij
row 0: (0, 2.)  (1, -1.)  (7, -1.) 
row 1: (0, -1.)  (1, 2.)  (2, -1.) 
row 2: (1, -1.)  (2, 2.)  (3, -1.) 
row 3: (2, -1.)  (3, 2.)  (4, -1.) 
row 4: (3, -1.)  (4, 2.)  (5, -1.) 
row 5: (4, -1.)  (5, 2.)  (6, -1.) 
row 6: (5, -1.)  (6, 2.)  (7, -1.) 
row 7: (0, -1.)  (6, -1.)  (7, 2.) 
IS Object: 4 MPI processes
  type: stride
[0] Index set is permutation
[0] Number of indices in (stride) set 3
[0] 0 0
[0] 1 1
[0] 2 2
[1] Index set is permutation
[1] Number of indices in (stride) set 3
[1] 0 0
[1] 1 1
[1] 2 2
[2] Number of indices in (stride) set 3
[2] 0 1
[2] 1 2
[2] 2 3
[3] Number of indices in (stride) set 3
[3] 0 2
[3] 1 3
[3] 2 4
IS Object: 4 MPI processes
  type: stride
[0] Index set is permutation
[0] Number of indices in (stride) set 2
[0] 0 0
[0] 1 1
[1] Index set is permutation
[1] Number of indices in (stride) set 2
[1] 0 0
[1] 1 1
[2] Number of indices in (stride) set 2
[2] 0 1
[2] 1 2
[3] Number of indices in (stride) set 2
[3] 0 2
[3] 1 3
Mat Object: 4 MPI processes
  type: is
  Mat Object: 1 MPI processes
    type: seqaij
row 0: (0, 2.)  (1, -1.) 
row 1: (0, -1.)  (1, 2.) 
row 2: (1, -1.) 
  Mat Object: 1 MPI processes
    type: seqaij
row 0: (0, 2.)  (1, -1.) 
row 1: (0, -1.)  (1, 2.) 
row 2: (1, -1.) 
  Mat Object: 1 MPI processes
    type: seqaij
row 0: (0, 2.)  (1, -1.) 
row 1: (0, -1.)  (1, 2.) 
row 2: (1, -1.) 
  Mat Object: 1 MPI processes
    type: seqaij
row 0: (0, 2.)  (1, -1.) 
row 1: (0, -1.)  (1, 2.) 
row 2: (1, -1.) 
