Mat Object: 6 MPI processes
  type: is
  Mat Object: (is_) 1 MPI processes
    type: seqaij
row 0: (0, 2.)  (1, -1.)  (11, -1.) 
row 1: (0, -2.)  (1, 4.)  (2, -2.) 
row 2: (1, -3.)  (2, 6.)  (3, -3.) 
row 3: (2, -4.)  (3, 8.)  (4, -4.) 
row 4: (3, -5.)  (4, 10.)  (5, -5.) 
row 5: (4, -6.)  (5, 12.)  (6, -6.) 
row 6: (5, -7.)  (6, 14.)  (7, -7.) 
row 7: (6, -8.)  (7, 16.)  (8, -8.) 
row 8: (7, -9.)  (8, 18.)  (9, -9.) 
  Mat Object: (is_) 1 MPI processes
    type: seqaij
row 0: (0, 2.)  (1, -1.)  (11, -1.) 
row 1: (0, -2.)  (1, 4.)  (2, -2.) 
row 2: (1, -3.)  (2, 6.)  (3, -3.) 
row 3: (2, -4.)  (3, 8.)  (4, -4.) 
row 4: (3, -5.)  (4, 10.)  (5, -5.) 
row 5: (4, -6.)  (5, 12.)  (6, -6.) 
row 6: (5, -7.)  (6, 14.)  (7, -7.) 
row 7: (6, -8.)  (7, 16.)  (8, -8.) 
row 8: (7, -9.)  (8, 18.)  (9, -9.) 
  Mat Object: (is_) 1 MPI processes
    type: seqaij
row 0: (0, 2.)  (1, -1.)  (11, -1.) 
row 1: (0, -2.)  (1, 4.)  (2, -2.) 
row 2: (1, -3.)  (2, 6.)  (3, -3.) 
row 3: (2, -4.)  (3, 8.)  (4, -4.) 
row 4: (3, -5.)  (4, 10.)  (5, -5.) 
row 5: (4, -6.)  (5, 12.)  (6, -6.) 
row 6: (5, -7.)  (6, 14.)  (7, -7.) 
row 7: (6, -8.)  (7, 16.)  (8, -8.) 
row 8: (7, -9.)  (8, 18.)  (9, -9.) 
  Mat Object: (is_) 1 MPI processes
    type: seqaij
row 0: (0, 2.)  (1, -1.)  (11, -1.) 
row 1: (0, -2.)  (1, 4.)  (2, -2.) 
row 2: (1, -3.)  (2, 6.)  (3, -3.) 
row 3: (2, -4.)  (3, 8.)  (4, -4.) 
row 4: (3, -5.)  (4, 10.)  (5, -5.) 
row 5: (4, -6.)  (5, 12.)  (6, -6.) 
row 6: (5, -7.)  (6, 14.)  (7, -7.) 
row 7: (6, -8.)  (7, 16.)  (8, -8.) 
row 8: (7, -9.)  (8, 18.)  (9, -9.) 
  Mat Object: (is_) 1 MPI processes
    type: seqaij
row 0: (0, 2.)  (1, -1.)  (11, -1.) 
row 1: (0, -2.)  (1, 4.)  (2, -2.) 
row 2: (1, -3.)  (2, 6.)  (3, -3.) 
row 3: (2, -4.)  (3, 8.)  (4, -4.) 
row 4: (3, -5.)  (4, 10.)  (5, -5.) 
row 5: (4, -6.)  (5, 12.)  (6, -6.) 
row 6: (5, -7.)  (6, 14.)  (7, -7.) 
row 7: (6, -8.)  (7, 16.)  (8, -8.) 
row 8: (7, -9.)  (8, 18.)  (9, -9.) 
  Mat Object: (is_) 1 MPI processes
    type: seqaij
row 0: (0, 2.)  (1, -1.)  (11, -1.) 
row 1: (0, -2.)  (1, 4.)  (2, -2.) 
row 2: (1, -3.)  (2, 6.)  (3, -3.) 
row 3: (2, -4.)  (3, 8.)  (4, -4.) 
row 4: (3, -5.)  (4, 10.)  (5, -5.) 
row 5: (4, -6.)  (5, 12.)  (6, -6.) 
row 6: (5, -7.)  (6, 14.)  (7, -7.) 
row 7: (6, -8.)  (7, 16.)  (8, -8.) 
row 8: (7, -9.)  (8, 18.)  (9, -9.) 
Test MatGetLocalSubMatrix
IS Object: 6 MPI processes
  type: stride
[0] Index set is permutation
[0] Number of indices in (stride) set 3
[0] 0 0
[0] 1 1
[0] 2 2
[1] Index set is permutation
[1] Number of indices in (stride) set 3
[1] 0 0
[1] 1 1
[1] 2 2
[2] Number of indices in (stride) set 3
[2] 0 1
[2] 1 2
[2] 2 3
[3] Number of indices in (stride) set 3
[3] 0 2
[3] 1 3
[3] 2 4
[4] Number of indices in (stride) set 3
[4] 0 3
[4] 1 4
[4] 2 5
[5] Number of indices in (stride) set 3
[5] 0 4
[5] 1 5
[5] 2 6
IS Object: 6 MPI processes
  type: stride
[0] Index set is permutation
[0] Number of indices in (stride) set 2
[0] 0 0
[0] 1 1
[1] Index set is permutation
[1] Number of indices in (stride) set 2
[1] 0 0
[1] 1 1
[2] Number of indices in (stride) set 2
[2] 0 1
[2] 1 2
[3] Number of indices in (stride) set 2
[3] 0 2
[3] 1 3
[4] Number of indices in (stride) set 2
[4] 0 3
[4] 1 4
[5] Number of indices in (stride) set 2
[5] 0 4
[5] 1 5
Mat Object: 6 MPI processes
  type: is
  Mat Object: 1 MPI processes
    type: seqaij
row 0: (0, 2.)  (1, -1.) 
row 1: (0, -2.)  (1, 4.) 
row 2: (1, -3.) 
  Mat Object: 1 MPI processes
    type: seqaij
row 0: (0, 2.)  (1, -1.) 
row 1: (0, -2.)  (1, 4.) 
row 2: (1, -3.) 
  Mat Object: 1 MPI processes
    type: seqaij
row 0: (0, 4.)  (1, -2.) 
row 1: (0, -3.)  (1, 6.) 
row 2: (1, -4.) 
  Mat Object: 1 MPI processes
    type: seqaij
row 0: (0, 6.)  (1, -3.) 
row 1: (0, -4.)  (1, 8.) 
row 2: (1, -5.) 
  Mat Object: 1 MPI processes
    type: seqaij
row 0: (0, 8.)  (1, -4.) 
row 1: (0, -5.)  (1, 10.) 
row 2: (1, -6.) 
  Mat Object: 1 MPI processes
    type: seqaij
row 0: (0, 10.)  (1, -5.) 
row 1: (0, -6.)  (1, 12.) 
row 2: (1, -7.) 
Test MatISGetMPIXAIJ
Test MatGetSubMatrix
Test MatZeroRows
[0] [0,2) Missing 0, row -1 (diag zero)
[1] [2,4) Missing 0, row -1 (diag zero)
[2] [4,6) Missing 1, row 5 (diag zero)
[3] [6,7) Missing 1, row 6 (diag zero)
[4] [7,8) Missing 1, row 7 (diag zero)
[5] [8,9) Missing 0, row -1 (diag zero)
[0] [0,2) Missing 0, row -1 (diag nonzero)
[1] [2,4) Missing 0, row -1 (diag nonzero)
[2] [4,6) Missing 0, row -1 (diag nonzero)
[3] [6,7) Missing 0, row -1 (diag nonzero)
[4] [7,8) Missing 0, row -1 (diag nonzero)
[5] [8,9) Missing 0, row -1 (diag nonzero)
