Mat Object: 5 MPI processes
  type: is
  Mat Object: (is_) 1 MPI processes
    type: seqaij
row 0: (0, 2.)  (1, -1.)  (9, -1.) 
row 1: (0, -2.)  (1, 4.)  (2, -2.) 
row 2: (1, -3.)  (2, 6.)  (3, -3.) 
row 3: (2, -4.)  (3, 8.)  (4, -4.) 
row 4: (3, -5.)  (4, 10.)  (5, -5.) 
row 5: (4, -6.)  (5, 12.)  (6, -6.) 
row 6: (5, -7.)  (6, 14.)  (7, -7.) 
row 7: (6, -8.)  (7, 16.)  (8, -8.) 
row 8: (7, -9.)  (8, 18.)  (9, -9.) 
row 9: (0, -10.)  (8, -10.)  (9, 20.) 
row 10: (0, 22.)  (1, -11.)  (9, -11.) 
  Mat Object: (is_) 1 MPI processes
    type: seqaij
row 0: (0, 2.)  (1, -1.)  (9, -1.) 
row 1: (0, -2.)  (1, 4.)  (2, -2.) 
row 2: (1, -3.)  (2, 6.)  (3, -3.) 
row 3: (2, -4.)  (3, 8.)  (4, -4.) 
row 4: (3, -5.)  (4, 10.)  (5, -5.) 
row 5: (4, -6.)  (5, 12.)  (6, -6.) 
row 6: (5, -7.)  (6, 14.)  (7, -7.) 
row 7: (6, -8.)  (7, 16.)  (8, -8.) 
row 8: (7, -9.)  (8, 18.)  (9, -9.) 
row 9: (0, -10.)  (8, -10.)  (9, 20.) 
row 10: (0, 22.)  (1, -11.)  (9, -11.) 
  Mat Object: (is_) 1 MPI processes
    type: seqaij
row 0: (0, 2.)  (1, -1.)  (9, -1.) 
row 1: (0, -2.)  (1, 4.)  (2, -2.) 
row 2: (1, -3.)  (2, 6.)  (3, -3.) 
row 3: (2, -4.)  (3, 8.)  (4, -4.) 
row 4: (3, -5.)  (4, 10.)  (5, -5.) 
row 5: (4, -6.)  (5, 12.)  (6, -6.) 
row 6: (5, -7.)  (6, 14.)  (7, -7.) 
row 7: (6, -8.)  (7, 16.)  (8, -8.) 
row 8: (7, -9.)  (8, 18.)  (9, -9.) 
row 9: (0, -10.)  (8, -10.)  (9, 20.) 
row 10: (0, 22.)  (1, -11.)  (9, -11.) 
  Mat Object: (is_) 1 MPI processes
    type: seqaij
row 0: (0, 2.)  (1, -1.)  (9, -1.) 
row 1: (0, -2.)  (1, 4.)  (2, -2.) 
row 2: (1, -3.)  (2, 6.)  (3, -3.) 
row 3: (2, -4.)  (3, 8.)  (4, -4.) 
row 4: (3, -5.)  (4, 10.)  (5, -5.) 
row 5: (4, -6.)  (5, 12.)  (6, -6.) 
row 6: (5, -7.)  (6, 14.)  (7, -7.) 
row 7: (6, -8.)  (7, 16.)  (8, -8.) 
row 8: (7, -9.)  (8, 18.)  (9, -9.) 
row 9: (0, -10.)  (8, -10.)  (9, 20.) 
row 10: (0, 22.)  (1, -11.)  (9, -11.) 
  Mat Object: (is_) 1 MPI processes
    type: seqaij
row 0: (0, 2.)  (1, -1.)  (9, -1.) 
row 1: (0, -2.)  (1, 4.)  (2, -2.) 
row 2: (1, -3.)  (2, 6.)  (3, -3.) 
row 3: (2, -4.)  (3, 8.)  (4, -4.) 
row 4: (3, -5.)  (4, 10.)  (5, -5.) 
row 5: (4, -6.)  (5, 12.)  (6, -6.) 
row 6: (5, -7.)  (6, 14.)  (7, -7.) 
row 7: (6, -8.)  (7, 16.)  (8, -8.) 
row 8: (7, -9.)  (8, 18.)  (9, -9.) 
row 9: (0, -10.)  (8, -10.)  (9, 20.) 
row 10: (0, 22.)  (1, -11.)  (9, -11.) 
Test MatGetLocalSubMatrix
IS Object: 5 MPI processes
  type: stride
[0] Index set is permutation
[0] Number of indices in (stride) set 3
[0] 0 0
[0] 1 1
[0] 2 2
[1] Index set is permutation
[1] Number of indices in (stride) set 3
[1] 0 0
[1] 1 1
[1] 2 2
[2] Number of indices in (stride) set 3
[2] 0 1
[2] 1 2
[2] 2 3
[3] Number of indices in (stride) set 3
[3] 0 2
[3] 1 3
[3] 2 4
[4] Number of indices in (stride) set 3
[4] 0 3
[4] 1 4
[4] 2 5
IS Object: 5 MPI processes
  type: stride
[0] Index set is permutation
[0] Number of indices in (stride) set 2
[0] 0 0
[0] 1 1
[1] Index set is permutation
[1] Number of indices in (stride) set 2
[1] 0 0
[1] 1 1
[2] Number of indices in (stride) set 2
[2] 0 1
[2] 1 2
[3] Number of indices in (stride) set 2
[3] 0 2
[3] 1 3
[4] Number of indices in (stride) set 2
[4] 0 3
[4] 1 4
Mat Object: 5 MPI processes
  type: is
  Mat Object: 1 MPI processes
    type: seqaij
row 0: (0, 2.)  (1, -1.) 
row 1: (0, -2.)  (1, 4.) 
row 2: (1, -3.) 
  Mat Object: 1 MPI processes
    type: seqaij
row 0: (0, 2.)  (1, -1.) 
row 1: (0, -2.)  (1, 4.) 
row 2: (1, -3.) 
  Mat Object: 1 MPI processes
    type: seqaij
row 0: (0, 4.)  (1, -2.) 
row 1: (0, -3.)  (1, 6.) 
row 2: (1, -4.) 
  Mat Object: 1 MPI processes
    type: seqaij
row 0: (0, 6.)  (1, -3.) 
row 1: (0, -4.)  (1, 8.) 
row 2: (1, -5.) 
  Mat Object: 1 MPI processes
    type: seqaij
row 0: (0, 8.)  (1, -4.) 
row 1: (0, -5.)  (1, 10.) 
row 2: (1, -6.) 
Test MatISGetMPIXAIJ
Test MatGetSubMatrix
Test MatZeroRows
[0] [0,3) Missing 0, row -1 (diag zero)
[1] [3,5) Missing 0, row -1 (diag zero)
[2] [5,7) Missing 1, row 6 (diag zero)
[3] [7,9) Missing 1, row 7 (diag zero)
[4] [9,11) Missing 1, row 9 (diag zero)
[0] [0,3) Missing 0, row -1 (diag nonzero)
[1] [3,5) Missing 0, row -1 (diag nonzero)
[2] [5,7) Missing 0, row -1 (diag nonzero)
[3] [7,9) Missing 0, row -1 (diag nonzero)
[4] [9,11) Missing 1, row 10 (diag nonzero)
